Generating 5 FULL blog articles for 2026-07-15...
  + blog/retirement-home-mexico-riviera-maya.html (298 lines)
  + blog/jungle-house-construction-tulum.html (298 lines)
  + blog/penthouse-construction-playa-del-carmen.html (298 lines)
  + blog/multi-family-house-riviera-maya.html (298 lines)
  + blog/modern-minimalist-house-playa-del-carmen.html (298 lines)
  Sitemap: 669 URLs
  IndexNow: 200

Done! 5 articles. 54 topics remaining. Total: 10
[main e2f40b9] daily blog: 5 new SEO articles 2026-07-15
 8 files changed, 4832 insertions(+), 1066 deletions(-)
 create mode 100644 .blog-cron.log
 create mode 100644 blog/jungle-house-construction-tulum.html
 create mode 100644 blog/modern-minimalist-house-playa-del-carmen.html
 create mode 100644 blog/multi-family-house-riviera-maya.html
 create mode 100644 blog/penthouse-construction-playa-del-carmen.html
 create mode 100644 blog/retirement-home-mexico-riviera-maya.html
To https://github.com/visamexicomx-sys/construction-recrea.git
 ! [rejected]        main -> main (fetch first)
error: failed to push some refs to 'https://github.com/visamexicomx-sys/construction-recrea.git'
hint: Updates were rejected because the remote contains work that you do not
hint: have locally. This is usually caused by another repository pushing to
hint: the same ref. If you want to integrate the remote changes, use
hint: 'git pull' before pushing again.
hint: See the 'Note about fast-forwards' in 'git push --help' for details.
Generating 5 FULL blog articles for 2026-07-29...
  + blog/office-building-construction-cancun.html (245 lines)
  + blog/retail-store-construction-playa-del-carmen.html (245 lines)
  + blog/warehouse-construction-riviera-maya.html (245 lines)
  + blog/medical-clinic-construction-playa-del-carmen.html (245 lines)
  + blog/gym-fitness-center-construction-riviera-maya.html (245 lines)
  Sitemap: 784 URLs
  IndexNow: 200

Done! 5 articles. 49 topics remaining. Total: 15
[main 7ee989d] daily blog: 5 new SEO articles 2026-07-29
 8 files changed, 2609 insertions(+), 954 deletions(-)
 create mode 100644 blog/gym-fitness-center-construction-riviera-maya.html
 create mode 100644 blog/medical-clinic-construction-playa-del-carmen.html
 create mode 100644 blog/office-building-construction-cancun.html
 create mode 100644 blog/retail-store-construction-playa-del-carmen.html
 create mode 100644 blog/warehouse-construction-riviera-maya.html
To https://github.com/visamexicomx-sys/construction-recrea.git
 ! [rejected]        main -> main (fetch first)
error: failed to push some refs to 'https://github.com/visamexicomx-sys/construction-recrea.git'
hint: Updates were rejected because the remote contains work that you do not
hint: have locally. This is usually caused by another repository pushing to
hint: the same ref. If you want to integrate the remote changes, use
hint: 'git pull' before pushing again.
hint: See the 'Note about fast-forwards' in 'git push --help' for details.
Generating 5 FULL blog articles for 2026-07-30...
  + blog/coworking-space-construction-playa-del-carmen.html (245 lines)
  + blog/plaza-comercial-construction-riviera-maya.html (245 lines)
  + blog/school-construction-quintana-roo.html (245 lines)
  + blog/hostel-construction-playa-del-carmen.html (246 lines)
  + blog/apart-hotel-construction-riviera-maya.html (246 lines)
  Sitemap: 799 URLs
  IndexNow: 200

Done! 5 articles. 44 topics remaining. Total: 20
